{"AgentName":null,"ExcludeAuthenticationPages":"true","MaxScanDuration":2,"PolicyId":null,"TargetUri":null}