{"AgentName":null,"ExcludeAuthenticationPages":"true","MaxScanDuration":3,"PolicyId":null,"TargetUri":null}