{"AgentName":null,"ExcludeAuthenticationPages":"true","MaxScanDuration":1,"PolicyId":null,"TargetUri":null}